Microchip MPLAB XC8 Compiler V2.41

Linker command line:

-W-3 \
  --edf=C:\Program Files\Microchip\xc8\v2.41\pic\dat\20230208172133_en.msgs \
  -cn -h+dist/default/production\part4.X.production.sym \
  --cmf=dist/default/production\part4.X.production.cmf -z -Q18F26K20 \
  -oC:\Users\shamm\AppData\Local\Temp\xcAsc1o.\driver_tmp_3.o \
  --defsym=__MPLAB_BUILD=1 --fixupoverflow=error \
  -Mdist/default/production/part4.X.production.map \
  --md=C:\Users\shamm\AppData\Local\Temp\xcAsc1o.\driver_tmp_0.dat -E1 \
  -ver=XC8 Compiler --acfsm=1493 -ACODE=00h-0FFFFh -ACONST=00h-0FFFFh \
  -ASMALLCONST=01000h-010FFhx240 -AMEDIUMCONST=01000h-0FFFFh \
  -ACOMRAM=01h-05Fh -AABS1=00h-0F5Fh -ABIGRAM=01h-0F5Fh \
  -ARAM=060h-0FFh,0100h-01FFhx14,0F00h-0F5Fh -ABANK0=060h-0FFh \
  -ABANK1=0100h-01FFh -ABANK2=0200h-02FFh -ABANK3=0300h-03FFh \
  -ABANK4=0400h-04FFh -ABANK5=0500h-05FFh -ABANK6=0600h-06FFh \
  -ABANK7=0700h-07FFh -ABANK8=0800h-08FFh -ABANK9=0900h-09FFh \
  -ABANK10=0A00h-0AFFh -ABANK11=0B00h-0BFFh -ABANK12=0C00h-0CFFh \
  -ABANK13=0D00h-0DFFh -ABANK14=0E00h-0EFFh -ABANK15=0F00h-0F5Fh \
  -ASFR=0F60h-0FFFh -ABIGSFR=0F60h-0FFFh -ACONFIG=0300000h-030000Dh \
  -AIDLOC=0200000h-0200007h -AEEDATA=0F00000h-0F003FFh -peeprom_data=EEDATA \
  -preset_vec=00h,intcode,intcodelo,powerup,init -pramtop=01000h \
  -psmallconst=SMALLCONST -pmediumconst=MEDIUMCONST -pconst=CONST \
  -AFARRAM=00h-00h \
  -prdata=COMRAM,nvrram=COMRAM,nvbit=COMRAM,rbss=COMRAM,rbit=COMRAM \
  -pfarbss=FARRAM,fardata=FARRAM,nvFARRAM=FARRAM \
  -pintsave_regs=BIGRAM,bigbss=BIGRAM,bigdata=BIGRAM -pbss=RAM \
  -pidata=CODE,irdata=CODE,ibigdata=CODE,ifardata=CODE -prparam=COMRAM \
  C:\Users\shamm\AppData\Local\Temp\xcAsc1o.\driver_tmp_9.o \
  dist/default/production\part4.X.production.o 

Object code version is 3.11

Machine type is 18F26K20



                Name                               Link     Load   Length Selector   Space Scale
C:\Users\shamm\AppData\Local\Temp\xcAsc1o.\driver_tmp_9.o
                idloc                            200000   200000        8        0       5
                config                           300000   300000        E        0       4
                init                                  0        0        4        0       0
dist/default/production\part4.X.production.o
                idloc                            200000   200000        8        0       5
                config                           300000   300000        E        0       4
                smallconst                         1000     1000       4A      800       0
                text10                             1140     1140       28      825       0
                text9                              11D0     11D0        A      825       0
                text8                              11C6     11C6        A      825       0
                text7                              11BC     11BC        A      825       0
                text6                              10C8     10C8       3E      825       0
                text5                              11B2     11B2        A      825       0
                text4                              1168     1168       26      825       0
                text3                              11A4     11A4        E      825       0
                text2                              118E     118E       16      825       0
                text1                              1106     1106       3A      825       0
                text0                              104A     104A       7E      825       0
                cstackCOMRAM                          7        7        6        1       1
                bssCOMRAM                             D        D        1        1       1
                cinit                              11DA     11DA        8      825       0
                nvCOMRAM                              1        1        6        1       1

TOTAL           Name                               Link     Load   Length     Space
        CLASS   CODE           
                init                                  0        0        4         0
                text10                             1140     1140       28         0
                text9                              11D0     11D0        A         0
                text8                              11C6     11C6        A         0
                text7                              11BC     11BC        A         0
                text6                              10C8     10C8       3E         0
                text5                              11B2     11B2        A         0
                text4                              1168     1168       26         0
                text3                              11A4     11A4        E         0
                text2                              118E     118E       16         0
                text1                              1106     1106       3A         0
                text0                              104A     104A       7E         0
                cinit                              11DA     11DA        8         0

        CLASS   CONST          

        CLASS   SMALLCONST     
                smallconst                         1000     1000       4A         0

        CLASS   MEDIUMCONST    

        CLASS   COMRAM         
                cstackCOMRAM                          7        7        6         1
                bssCOMRAM                             D        D        1         1
                nvCOMRAM                              1        1        6         1

        CLASS   ABS1           

        CLASS   BIGRAM         

        CLASS   RAM            

        CLASS   BANK0          

        CLASS   BANK1          

        CLASS   BANK2          

        CLASS   BANK3          

        CLASS   BANK4          

        CLASS   BANK5          

        CLASS   BANK6          

        CLASS   BANK7          

        CLASS   BANK8          

        CLASS   BANK9          

        CLASS   BANK10         

        CLASS   BANK11         

        CLASS   BANK12         

        CLASS   BANK13         

        CLASS   BANK14         

        CLASS   BANK15         

        CLASS   SFR            

        CLASS   BIGSFR         

        CLASS   CONFIG         
                config                           300000   300000        E         4

        CLASS   IDLOC          
                idloc                            200000   200000        8         5

        CLASS   EEDATA         

        CLASS   FARRAM         

        CLASS   HEAP           

        CLASS   STACK          



SEGMENTS        Name                           Load    Length   Top    Selector   Space  Class

                reset_vec                      000000  000004  000004         0       0  CODE    
                nvCOMRAM                       000001  00000D  00000E         1       1  COMRAM  
                smallconst                     001000  00004A  00104A       800       0  SMALLCON
                text0                          00104A  000198  0011E2       825       0  CODE    


UNUSED ADDRESS RANGES

        Name                Unused          Largest block    Delta
        BANK0            000060-0000FF               A0
        BANK1            000100-0001FF              100
        BANK10           000A00-000AFF              100
        BANK11           000B00-000BFF              100
        BANK12           000C00-000CFF              100
        BANK13           000D00-000DFF              100
        BANK14           000E00-000EFF              100
        BANK15           000F00-000F5F               60
        BANK2            000200-0002FF              100
        BANK3            000300-0003FF              100
        BANK4            000400-0004FF              100
        BANK5            000500-0005FF              100
        BANK6            000600-0006FF              100
        BANK7            000700-0007FF              100
        BANK8            000800-0008FF              100
        BANK9            000900-0009FF              100
        BIGRAM           00000E-000F5F              F52
        BIGSFR           000F60-000FFF               A0
        CODE             000004-000FFF              FFC
                         0011E2-00FFFF             EE1E
        COMRAM           00000E-00005F               52
        CONST            000004-000FFF              FFC
                         0011E2-00FFFF             EE1E
        EEDATA           F00000-F003FF              400
        MEDIUMCONST      0011E2-00FFFF             EE1E
        RAM              000060-000F5F              100
        SFR              000F60-000FFF               A0
        SMALLCONST       0011E2-00FFFF              100

                                  Symbol Table

EUSART_SetErrorHandler@interruptHandler        cstackCOMRAM 000007
EUSART_SetFramingErrorHandler@interruptHandler cstackCOMRAM 000007
EUSART_SetOverrunErrorHandler@interruptHandler cstackCOMRAM 000007
EUSART_Write@txData                            cstackCOMRAM 000007
_ANSEL                                         (abs)        000F7E
_ANSELH                                        (abs)        000F7F
_BAUDCON                                       (abs)        000FB8
_EUSART_DefaultErrorHandler                    (abs)        000000
_EUSART_DefaultFramingErrorHandler             (abs)        000000
_EUSART_DefaultOverrunErrorHandler             (abs)        000000
_EUSART_ErrorHandler                           nvCOMRAM     000001
_EUSART_FramingErrorHandler                    nvCOMRAM     000005
_EUSART_Initialize                             text6        0010C8
_EUSART_OverrunErrorHandler                    nvCOMRAM     000003
_EUSART_Read                                   text10       001140
_EUSART_SetErrorHandler                        text9        0011D0
_EUSART_SetFramingErrorHandler                 text8        0011C6
_EUSART_SetOverrunErrorHandler                 text7        0011BC
_EUSART_Write                                  text2        00118E
_INTCON2bits                                   (abs)        000FF1
_INTCONbits                                    (abs)        000FF2
_LATA                                          (abs)        000F89
_LATB                                          (abs)        000F8A
_LATBbits                                      (abs)        000F8A
_LATC                                          (abs)        000F8B
_OSCCON                                        (abs)        000FD3
_OSCILLATOR_Initialize                         text5        0011B2
_OSCTUNE                                       (abs)        000F9B
_PIN_MANAGER_Initialize                        text4        001168
_PIR1bits                                      (abs)        000F9E
_RCREG                                         (abs)        000FAE
_RCSTA                                         (abs)        000FAB
_RCSTAbits                                     (abs)        000FAB
_SPBRG                                         (abs)        000FAF
_SPBRGH                                        (abs)        000FB0
_SYSTEM_Initialize                             text3        0011A4
_TRISA                                         (abs)        000F92
_TRISB                                         (abs)        000F93
_TRISC                                         (abs)        000F94
_TXREG                                         (abs)        000FAD
_TXSTA                                         (abs)        000FAC
_TXSTAbits                                     (abs)        000FAC
_WPUB                                          (abs)        000F7C
__HRAM                                         (abs)        000000
__H__absolute__                                __absolute__ 000000
__Habs1                                        abs1         000000
__Hbank0                                       bank0        000000
__Hbank1                                       bank1        000000
__Hbank10                                      bank10       000000
__Hbank11                                      bank11       000000
__Hbank12                                      bank12       000000
__Hbank13                                      bank13       000000
__Hbank14                                      bank14       000000
__Hbank15                                      bank15       000000
__Hbank2                                       bank2        000000
__Hbank3                                       bank3        000000
__Hbank4                                       bank4        000000
__Hbank5                                       bank5        000000
__Hbank6                                       bank6        000000
__Hbank7                                       bank7        000000
__Hbank8                                       bank8        000000
__Hbank9                                       bank9        000000
__Hbigbss                                      bigbss       000000
__Hbigdata                                     bigdata      000000
__Hbigram                                      bigram       000000
__Hbigsfr                                      bigsfr       000000
__Hbss                                         bss          000000
__HbssCOMRAM                                   bssCOMRAM    000000
__Hcinit                                       cinit        000000
__Hclrtext                                     clrtext      000000
__Hcomram                                      comram       000000
__Hconfig                                      config       30000E
__Hconst                                       const        000000
__HcstackCOMRAM                                cstackCOMRAM 000000
__Hdata                                        data         000000
__Heeprom_data                                 eeprom_data  000000
__Hfarbss                                      farbss       000000
__Hfardata                                     fardata      000000
__Hheap                                        heap         000000
__Hibigdata                                    ibigdata     000000
__Hidata                                       idata        000000
__Hidloc                                       idloc        200008
__Hifardata                                    ifardata     000000
__Hinit                                        init         000004
__Hintcode                                     intcode      000000
__Hintcode_body                                intcode_body 000000
__Hintcodelo                                   intcodelo    000000
__Hintentry                                    intentry     000000
__Hintret                                      intret       000000
__Hintsave_regs                                intsave_regs 000000
__Hirdata                                      irdata       000000
__Hmediumconst                                 mediumconst  000000
__HnvCOMRAM                                    nvCOMRAM     000000
__HnvFARRAM                                    nvFARRAM     000000
__Hnvbit                                       nvbit        000000
__Hnvrram                                      nvrram       000000
__Hparam                                       rparam       000000
__Hpowerup                                     powerup      000000
__Hram                                         ram          000000
__Hramtop                                      ramtop       001000
__Hrbit                                        rbit         000000
__Hrbss                                        rbss         000000
__Hrdata                                       rdata        000000
__Hreset_vec                                   reset_vec    000000
__Hrparam                                      rparam       000000
__Hsfr                                         sfr          000000
__Hsmallconst                                  smallconst   00104A
__Hspace_0                                     (abs)        0011E2
__Hspace_1                                     (abs)        00000E
__Hspace_2                                     (abs)        000000
__Hspace_4                                     (abs)        60000E
__Hstack                                       stack        000000
__Hstruct                                      struct       000000
__Htemp                                        temp         000000
__Htext                                        text         000000
__Htext0                                       text0        000000
__Htext1                                       text1        000000
__Htext10                                      text10       000000
__Htext2                                       text2        000000
__Htext3                                       text3        000000
__Htext4                                       text4        000000
__Htext5                                       text5        000000
__Htext6                                       text6        000000
__Htext7                                       text7        000000
__Htext8                                       text8        000000
__Htext9                                       text9        000000
__LRAM                                         (abs)        000001
__L__absolute__                                __absolute__ 000000
__Labs1                                        abs1         000000
__Lbank0                                       bank0        000000
__Lbank1                                       bank1        000000
__Lbank10                                      bank10       000000
__Lbank11                                      bank11       000000
__Lbank12                                      bank12       000000
__Lbank13                                      bank13       000000
__Lbank14                                      bank14       000000
__Lbank15                                      bank15       000000
__Lbank2                                       bank2        000000
__Lbank3                                       bank3        000000
__Lbank4                                       bank4        000000
__Lbank5                                       bank5        000000
__Lbank6                                       bank6        000000
__Lbank7                                       bank7        000000
__Lbank8                                       bank8        000000
__Lbank9                                       bank9        000000
__Lbigbss                                      bigbss       000000
__Lbigdata                                     bigdata      000000
__Lbigram                                      bigram       000000
__Lbigsfr                                      bigsfr       000000
__Lbss                                         bss          000000
__LbssCOMRAM                                   bssCOMRAM    000000
__Lcinit                                       cinit        000000
__Lclrtext                                     clrtext      000000
__Lcomram                                      comram       000000
__Lconfig                                      config       000000
__Lconst                                       const        000000
__LcstackCOMRAM                                cstackCOMRAM 000000
__Ldata                                        data         000000
__Leeprom_data                                 eeprom_data  000000
__Lfarbss                                      farbss       000000
__Lfardata                                     fardata      000000
__Lheap                                        heap         000000
__Libigdata                                    ibigdata     000000
__Lidata                                       idata        000000
__Lidloc                                       idloc        000000
__Lifardata                                    ifardata     000000
__Linit                                        init         000000
__Lintcode                                     intcode      000000
__Lintcode_body                                intcode_body 000000
__Lintcodelo                                   intcodelo    000000
__Lintentry                                    intentry     000000
__Lintret                                      intret       000000
__Lintsave_regs                                intsave_regs 000000
__Lirdata                                      irdata       000000
__Lmediumconst                                 mediumconst  000000
__LnvCOMRAM                                    nvCOMRAM     000000
__LnvFARRAM                                    nvFARRAM     000000
__Lnvbit                                       nvbit        000000
__Lnvrram                                      nvrram       000000
__Lparam                                       rparam       000000
__Lpowerup                                     powerup      000000
__Lram                                         ram          000000
__Lramtop                                      ramtop       001000
__Lrbit                                        rbit         000000
__Lrbss                                        rbss         000000
__Lrdata                                       rdata        000000
__Lreset_vec                                   reset_vec    000000
__Lrparam                                      rparam       000000
__Lsfr                                         sfr          000000
__Lsmallconst                                  smallconst   001000
__Lspace_0                                     (abs)        000000
__Lspace_1                                     (abs)        000000
__Lspace_2                                     (abs)        000000
__Lspace_4                                     (abs)        000000
__Lstack                                       stack        000000
__Lstruct                                      struct       000000
__Ltemp                                        temp         000000
__Ltext                                        text         000000
__Ltext0                                       text0        000000
__Ltext1                                       text1        000000
__Ltext10                                      text10       000000
__Ltext2                                       text2        000000
__Ltext3                                       text3        000000
__Ltext4                                       text4        000000
__Ltext5                                       text5        000000
__Ltext6                                       text6        000000
__Ltext7                                       text7        000000
__Ltext8                                       text8        000000
__Ltext9                                       text9        000000
__S0                                           (abs)        0011E2
__S1                                           (abs)        00000E
__S4                                           (abs)        000000
__S5                                           (abs)        000000
___heap_hi                                     (abs)        000000
___heap_lo                                     (abs)        000000
___inthi_sp                                    stack        000000
___intlo_sp                                    stack        000000
___param_bank                                  (abs)        000000
___rparam_used                                 (abs)        000001
___sp                                          stack        000000
__accesstop                                    (abs)        000060
__activetblptr                                 (abs)        000003
__end_of_EUSART_Initialize                     text6        001106
__end_of_EUSART_Read                           text10       001168
__end_of_EUSART_SetErrorHandler                text9        0011DA
__end_of_EUSART_SetFramingErrorHandler         text8        0011D0
__end_of_EUSART_SetOverrunErrorHandler         text7        0011C6
__end_of_EUSART_Write                          text2        0011A4
__end_of_OSCILLATOR_Initialize                 text5        0011BC
__end_of_PIN_MANAGER_Initialize                text4        00118E
__end_of_SYSTEM_Initialize                     text3        0011B2
__end_of__initialization                       cinit        0011DC
__end_of_main                                  text0        0010C8
__end_of_send_string                           text1        001140
__initialization                               cinit        0011DA
__mediumconst                                  mediumconst  000000
__pbssCOMRAM                                   bssCOMRAM    00000D
__pcinit                                       cinit        0011DA
__pcstackCOMRAM                                cstackCOMRAM 000007
__pnvCOMRAM                                    nvCOMRAM     000001
__psmallconst                                  smallconst   001000
__ptext0                                       text0        00104A
__ptext1                                       text1        001106
__ptext10                                      text10       001140
__ptext2                                       text2        00118E
__ptext3                                       text3        0011A4
__ptext4                                       text4        001168
__ptext5                                       text5        0011B2
__ptext6                                       text6        0010C8
__ptext7                                       text7        0011BC
__ptext8                                       text8        0011C6
__ptext9                                       text9        0011D0
__ramtop                                       ramtop       001000
__smallconst                                   smallconst   001000
_eusartRxLastError                             bssCOMRAM    00000D
_main                                          text0        00104A
_send_string                                   text1        001106
end_of_initialization                          cinit        0011DC
intlevel0                                      text         000000
intlevel1                                      text         000000
intlevel2                                      text         000000
intlevel3                                      text         000000
isa$std                                        (abs)        000001
isa$xinst                                      (abs)        000000
main@data                                      cstackCOMRAM 00000C
send_string@x                                  cstackCOMRAM 000008
stackhi                                        (abs)        000000
stacklo                                        (abs)        000000
start                                          init         000000
start_initialization                           cinit        0011DA


MODULE INFORMATION

Module		Function		Class		Link	Load	Size
mcc_generated_files/pin_manager.c
		_PIN_MANAGER_Initialize		CODE           	1168	0000	38

mcc_generated_files/pin_manager.c estimated size: 38

shared
		__initialization		CODE           	11DA	0000	2

shared estimated size: 2

mcc_generated_files/mcc.c
		_OSCILLATOR_Initialize		CODE           	11B2	0000	10
		_SYSTEM_Initialize		CODE           	11A4	0000	14

mcc_generated_files/mcc.c estimated size: 24

mcc_generated_files/eusart.c
		_EUSART_Read   		CODE           	1140	0000	40
		_EUSART_Write  		CODE           	118E	0000	22
		_EUSART_Initialize		CODE           	10C8	0000	62
		_EUSART_SetFramingErrorHandler		CODE           	11C6	0000	10
		_EUSART_SetErrorHandler		CODE           	11D0	0000	10
		_EUSART_SetOverrunErrorHandler		CODE           	11BC	0000	10

mcc_generated_files/eusart.c estimated size: 154

main.c
		_main          		CODE           	104A	0000	126
		_send_string   		CODE           	1106	0000	58

main.c estimated size: 184

